Archive member included to satisfy reference by file (symbol)

c:/st/stm32cubeide_1.7.0/stm32cubeide/plugins/com.st.stm32cube.ide.mcu.externaltools.gnu-tools-for-stm32.9-2020-q2-update.win32_2.0.0.202105311346/tools/bin/../lib/gcc/arm-none-eabi/9.3.1/../../../../arm-none-eabi/lib/thumb/v7-m/nofp\libc_nano.a(lib_a-errno.o)
                              ./Core/Src/syscalls.o (__errno)
c:/st/stm32cubeide_1.7.0/stm32cubeide/plugins/com.st.stm32cube.ide.mcu.externaltools.gnu-tools-for-stm32.9-2020-q2-update.win32_2.0.0.202105311346/tools/bin/../lib/gcc/arm-none-eabi/9.3.1/../../../../arm-none-eabi/lib/thumb/v7-m/nofp\libc_nano.a(lib_a-exit.o)
                              c:/st/stm32cubeide_1.7.0/stm32cubeide/plugins/com.st.stm32cube.ide.mcu.externaltools.gnu-tools-for-stm32.9-2020-q2-update.win32_2.0.0.202105311346/tools/bin/../lib/gcc/arm-none-eabi/9.3.1/../../../../arm-none-eabi/lib/thumb/v7-m/nofp/crt0.o (exit)
c:/st/stm32cubeide_1.7.0/stm32cubeide/plugins/com.st.stm32cube.ide.mcu.externaltools.gnu-tools-for-stm32.9-2020-q2-update.win32_2.0.0.202105311346/tools/bin/../lib/gcc/arm-none-eabi/9.3.1/../../../../arm-none-eabi/lib/thumb/v7-m/nofp\libc_nano.a(lib_a-impure.o)
                              c:/st/stm32cubeide_1.7.0/stm32cubeide/plugins/com.st.stm32cube.ide.mcu.externaltools.gnu-tools-for-stm32.9-2020-q2-update.win32_2.0.0.202105311346/tools/bin/../lib/gcc/arm-none-eabi/9.3.1/../../../../arm-none-eabi/lib/thumb/v7-m/nofp\libc_nano.a(lib_a-exit.o) (_global_impure_ptr)
c:/st/stm32cubeide_1.7.0/stm32cubeide/plugins/com.st.stm32cube.ide.mcu.externaltools.gnu-tools-for-stm32.9-2020-q2-update.win32_2.0.0.202105311346/tools/bin/../lib/gcc/arm-none-eabi/9.3.1/../../../../arm-none-eabi/lib/thumb/v7-m/nofp\libc_nano.a(lib_a-init.o)
                              c:/st/stm32cubeide_1.7.0/stm32cubeide/plugins/com.st.stm32cube.ide.mcu.externaltools.gnu-tools-for-stm32.9-2020-q2-update.win32_2.0.0.202105311346/tools/bin/../lib/gcc/arm-none-eabi/9.3.1/../../../../arm-none-eabi/lib/thumb/v7-m/nofp/crt0.o (__libc_init_array)
c:/st/stm32cubeide_1.7.0/stm32cubeide/plugins/com.st.stm32cube.ide.mcu.externaltools.gnu-tools-for-stm32.9-2020-q2-update.win32_2.0.0.202105311346/tools/bin/../lib/gcc/arm-none-eabi/9.3.1/../../../../arm-none-eabi/lib/thumb/v7-m/nofp\libc_nano.a(lib_a-memset.o)
                              c:/st/stm32cubeide_1.7.0/stm32cubeide/plugins/com.st.stm32cube.ide.mcu.externaltools.gnu-tools-for-stm32.9-2020-q2-update.win32_2.0.0.202105311346/tools/bin/../lib/gcc/arm-none-eabi/9.3.1/../../../../arm-none-eabi/lib/thumb/v7-m/nofp/crt0.o (memset)

Allocating common symbols
Common symbol       size              file

yellowTime          0x4               ./Core/Src/sevensegment.o
uwTick              0x4               ./Drivers/STM32F1xx_HAL_Driver/Src/stm32f1xx_hal.o
pFlash              0x20              ./Drivers/STM32F1xx_HAL_Driver/Src/stm32f1xx_hal_flash.o
led_buffer          0x4               ./Core/Src/sevensegment.o
redTime             0x4               ./Core/Src/sevensegment.o
htim2               0x48              ./Core/Src/main.o
greenTime           0x4               ./Core/Src/sevensegment.o

Discarded input sections

 .text          0x0000000000000000        0x0 c:/st/stm32cubeide_1.7.0/stm32cubeide/plugins/com.st.stm32cube.ide.mcu.externaltools.gnu-tools-for-stm32.9-2020-q2-update.win32_2.0.0.202105311346/tools/bin/../lib/gcc/arm-none-eabi/9.3.1/thumb/v7-m/nofp/crti.o
 .data          0x0000000000000000        0x0 c:/st/stm32cubeide_1.7.0/stm32cubeide/plugins/com.st.stm32cube.ide.mcu.externaltools.gnu-tools-for-stm32.9-2020-q2-update.win32_2.0.0.202105311346/tools/bin/../lib/gcc/arm-none-eabi/9.3.1/thumb/v7-m/nofp/crti.o
 .bss           0x0000000000000000        0x0 c:/st/stm32cubeide_1.7.0/stm32cubeide/plugins/com.st.stm32cube.ide.mcu.externaltools.gnu-tools-for-stm32.9-2020-q2-update.win32_2.0.0.202105311346/tools/bin/../lib/gcc/arm-none-eabi/9.3.1/thumb/v7-m/nofp/crti.o
 .data          0x0000000000000000        0x4 c:/st/stm32cubeide_1.7.0/stm32cubeide/plugins/com.st.stm32cube.ide.mcu.externaltools.gnu-tools-for-stm32.9-2020-q2-update.win32_2.0.0.202105311346/tools/bin/../lib/gcc/arm-none-eabi/9.3.1/thumb/v7-m/nofp/crtbegin.o
 .text          0x0000000000000000       0x7c c:/st/stm32cubeide_1.7.0/stm32cubeide/plugins/com.st.stm32cube.ide.mcu.externaltools.gnu-tools-for-stm32.9-2020-q2-update.win32_2.0.0.202105311346/tools/bin/../lib/gcc/arm-none-eabi/9.3.1/../../../../arm-none-eabi/lib/thumb/v7-m/nofp/crt0.o
 .data          0x0000000000000000        0x0 c:/st/stm32cubeide_1.7.0/stm32cubeide/plugins/com.st.stm32cube.ide.mcu.externaltools.gnu-tools-for-stm32.9-2020-q2-update.win32_2.0.0.202105311346/tools/bin/../lib/gcc/arm-none-eabi/9.3.1/../../../../arm-none-eabi/lib/thumb/v7-m/nofp/crt0.o
[...]
Memory Configuration

Name             Origin             Length             Attributes
RAM              0x0000000020000000 0x0000000000002800 xrw
FLASH            0x0000000008000000 0x0000000000008000 xr
*default*        0x0000000000000000 0xffffffffffffffff

Linker script and memory map

LOAD c:/st/stm32cubeide_1.7.0/stm32cubeide/plugins/com.st.stm32cube.ide.mcu.externaltools.gnu-tools-for-stm32.9-2020-q2-update.win32_2.0.0.202105311346/tools/bin/../lib/gcc/arm-none-eabi/9.3.1/thumb/v7-m/nofp/crti.o
LOAD c:/st/stm32cubeide_1.7.0/stm32cubeide/plugins/com.st.stm32cube.ide.mcu.externaltools.gnu-tools-for-stm32.9-2020-q2-update.win32_2.0.0.202105311346/tools/bin/../lib/gcc/arm-none-eabi/9.3.1/thumb/v7-m/nofp/crtbegin.o
LOAD c:/st/stm32cubeide_1.7.0/stm32cubeide/plugins/com.st.stm32cube.ide.mcu.externaltools.gnu-tools-for-stm32.9-2020-q2-update.win32_2.0.0.202105311346/tools/bin/../lib/gcc/arm-none-eabi/9.3.1/../../../../arm-none-eabi/lib/thumb/v7-m/nofp/crt0.o
LOAD ./Core/Src/button.o
LOAD ./Core/Src/fsm_mode.o
LOAD ./Core/Src/global.o
LOAD ./Core/Src/main.o
LOAD ./Core/Src/sevensegment.o
LOAD ./Core/Src/softwaretimer.o
LOAD ./Core/Src/stm32f1xx_hal_msp.o
LOAD ./Core/Src/stm32f1xx_it.o
LOAD ./Core/Src/syscalls.o
LOAD ./Core/Src/sysmem.o
LOAD ./Core/Src/system_stm32f1xx.o
LOAD ./Core/Src/trafficlight.o
LOAD ./Core/Startup/startup_stm32f103c6ux.o
LOAD ./Drivers/STM32F1xx_HAL_Driver/Src/stm32f1xx_hal.o
LOAD ./Drivers/STM32F1xx_HAL_Driver/Src/stm32f1xx_hal_cortex.o
LOAD ./Drivers/STM32F1xx_HAL_Driver/Src/stm32f1xx_hal_dma.o
LOAD ./Drivers/STM32F1xx_HAL_Driver/Src/stm32f1xx_hal_exti.o
LOAD ./Drivers/STM32F1xx_HAL_Driver/Src/stm32f1xx_hal_flash.o
LOAD ./Drivers/STM32F1xx_HAL_Driver/Src/stm32f1xx_hal_flash_ex.o
LOAD ./Drivers/STM32F1xx_HAL_Driver/Src/stm32f1xx_hal_gpio.o
LOAD ./Drivers/STM32F1xx_HAL_Driver/Src/stm32f1xx_hal_gpio_ex.o
LOAD ./Drivers/STM32F1xx_HAL_Driver/Src/stm32f1xx_hal_pwr.o
LOAD ./Drivers/STM32F1xx_HAL_Driver/Src/stm32f1xx_hal_rcc.o
LOAD ./Drivers/STM32F1xx_HAL_Driver/Src/stm32f1xx_hal_rcc_ex.o
LOAD ./Drivers/STM32F1xx_HAL_Driver/Src/stm32f1xx_hal_tim.o
LOAD ./Drivers/STM32F1xx_HAL_Driver/Src/stm32f1xx_hal_tim_ex.o
START GROUP
LOAD c:/st/stm32cubeide_1.7.0/stm32cubeide/plugins/com.st.stm32cube.ide.mcu.externaltools.gnu-tools-for-stm32.9-2020-q2-update.win32_2.0.0.202105311346/tools/bin/../lib/gcc/arm-none-eabi/9.3.1/../../../../arm-none-eabi/lib/thumb/v7-m/nofp\libc_nano.a
LOAD c:/st/stm32cubeide_1.7.0/stm32cubeide/plugins/com.st.stm32cube.ide.mcu.externaltools.gnu-tools-for-stm32.9-2020-q2-update.win32_2.0.0.202105311346/tools/bin/../lib/gcc/arm-none-eabi/9.3.1/../../../../arm-none-eabi/lib/thumb/v7-m/nofp\libm.a
END GROUP
START GROUP
LOAD c:/st/stm32cubeide_1.7.0/stm32cubeide/plugins/com.st.stm32cube.ide.mcu.externaltools.gnu-tools-for-stm32.9-2020-q2-update.win32_2.0.0.202105311346/tools/bin/../lib/gcc/arm-none-eabi/9.3.1/thumb/v7-m/nofp\libgcc.a
LOAD c:/st/stm32cubeide_1.7.0/stm32cubeide/plugins/com.st.stm32cube.ide.mcu.externaltools.gnu-tools-for-stm32.9-2020-q2-update.win32_2.0.0.202105311346/tools/bin/../lib/gcc/arm-none-eabi/9.3.1/../../../../arm-none-eabi/lib/thumb/v7-m/nofp\libc_nano.a
END GROUP
START GROUP
LOAD c:/st/stm32cubeide_1.7.0/stm32cubeide/plugins/com.st.stm32cube.ide.mcu.externaltools.gnu-tools-for-stm32.9-2020-q2-update.win32_2.0.0.202105311346/tools/bin/../lib/gcc/arm-none-eabi/9.3.1/thumb/v7-m/nofp\libgcc.a
LOAD c:/st/stm32cubeide_1.7.0/stm32cubeide/plugins/com.st.stm32cube.ide.mcu.externaltools.gnu-tools-for-stm32.9-2020-q2-update.win32_2.0.0.202105311346/tools/bin/../lib/gcc/arm-none-eabi/9.3.1/../../../../arm-none-eabi/lib/thumb/v7-m/nofp\libc_nano.a
LOAD c:/st/stm32cubeide_1.7.0/stm32cubeide/plugins/com.st.stm32cube.ide.mcu.externaltools.gnu-tools-for-stm32.9-2020-q2-update.win32_2.0.0.202105311346/tools/bin/../lib/gcc/arm-none-eabi/9.3.1/../../../../arm-none-eabi/lib/thumb/v7-m/nofp\libnosys.a
END GROUP
START GROUP
LOAD c:/st/stm32cubeide_1.7.0/stm32cubeide/plugins/com.st.stm32cube.ide.mcu.externaltools.gnu-tools-for-stm32.9-2020-q2-update.win32_2.0.0.202105311346/tools/bin/../lib/gcc/arm-none-eabi/9.3.1/thumb/v7-m/nofp\libgcc.a
LOAD c:/st/stm32cubeide_1.7.0/stm32cubeide/plugins/com.st.stm32cube.ide.mcu.externaltools.gnu-tools-for-stm32.9-2020-q2-update.win32_2.0.0.202105311346/tools/bin/../lib/gcc/arm-none-eabi/9.3.1/../../../../arm-none-eabi/lib/thumb/v7-m/nofp\libc_nano.a
LOAD c:/st/stm32cubeide_1.7.0/stm32cubeide/plugins/com.st.stm32cube.ide.mcu.externaltools.gnu-tools-for-stm32.9-2020-q2-update.win32_2.0.0.202105311346/tools/bin/../lib/gcc/arm-none-eabi/9.3.1/../../../../arm-none-eabi/lib/thumb/v7-m/nofp\libnosys.a
END GROUP
LOAD c:/st/stm32cubeide_1.7.0/stm32cubeide/plugins/com.st.stm32cube.ide.mcu.externaltools.gnu-tools-for-stm32.9-2020-q2-update.win32_2.0.0.202105311346/tools/bin/../lib/gcc/arm-none-eabi/9.3.1/thumb/v7-m/nofp/crtend.o
LOAD c:/st/stm32cubeide_1.7.0/stm32cubeide/plugins/com.st.stm32cube.ide.mcu.externaltools.gnu-tools-for-stm32.9-2020-q2-update.win32_2.0.0.202105311346/tools/bin/../lib/gcc/arm-none-eabi/9.3.1/thumb/v7-m/nofp/crtn.o
                0x0000000020002800                _estack = (ORIGIN (RAM) + LENGTH (RAM))
                0x0000000000000200                _Min_Heap_Size = 0x200
                0x0000000000000400                _Min_Stack_Size = 0x400

.isr_vector     0x0000000008000000      0x10c
                0x0000000008000000                . = ALIGN (0x4)
 *(.isr_vector)
 .isr_vector    0x0000000008000000      0x10c ./Core/Startup/startup_stm32f103c6ux.o
                0x0000000008000000                g_pfnVectors
                0x000000000800010c                . = ALIGN (0x4)

.text           0x000000000800010c     0x29b4
                0x000000000800010c                . = ALIGN (0x4)
 *(.text)
 .text          0x000000000800010c       0x40 c:/st/stm32cubeide_1.7.0/stm32cubeide/plugins/com.st.stm32cube.ide.mcu.externaltools.gnu-tools-for-stm32.9-2020-q2-update.win32_2.0.0.202105311346/tools/bin/../lib/gcc/arm-none-eabi/9.3.1/thumb/v7-m/nofp/crtbegin.o
 *(.text*)
 .text.buttonReading
                0x000000000800014c       0x94 ./Core/Src/button.o
                0x000000000800014c                buttonReading
 .text.isButtonPressed
                0x00000000080001e0       0x34 ./Core/Src/button.o
                0x00000000080001e0                isButtonPressed
 .text.fsmModeRun
                0x0000000008000214      0x508 ./Core/Src/fsm_mode.o
                0x0000000008000214                fsmModeRun
 .text.main     0x000000000800071c       0x30 ./Core/Src/main.o
                0x000000000800071c                main
 .text.SystemClock_Config
                0x000000000800074c       0x76 ./Core/Src/main.o
                0x000000000800074c                SystemClock_Config
 *fill*         0x00000000080007c2        0x2 
 .text.MX_TIM2_Init
                0x00000000080007c4       0x98 ./Core/Src/main.o
 .text.MX_GPIO_Init
                0x000000000800085c       0xc4 ./Core/Src/main.o
 .text.HAL_TIM_PeriodElapsedCallback
                0x0000000008000920       0x18 ./Core/Src/main.o
                0x0000000008000920                HAL_TIM_PeriodElapsedCallback
 .text.Error_Handler
                0x0000000008000938        0xa ./Core/Src/main.o
                0x0000000008000938                Error_Handler
 *fill*         0x0000000008000942        0x2 
 .text.disableAllSevenSegment
                0x0000000008000944       0x34 ./Core/Src/sevensegment.o
                0x0000000008000944                disableAllSevenSegment
 .text.update7SEG
                0x0000000008000978       0xbc ./Core/Src/sevensegment.o
                0x0000000008000978                update7SEG
 .text.enableSevenSegmentPin
                0x0000000008000a34       0x64 ./Core/Src/sevensegment.o
                0x0000000008000a34                enableSevenSegmentPin
 .text.display7SEG
                0x0000000008000a98       0x54 ./Core/Src/sevensegment.o
                0x0000000008000a98                display7SEG
 .text.updateLedBuffer
                0x0000000008000aec      0x1cc ./Core/Src/sevensegment.o
                0x0000000008000aec                updateLedBuffer
 .text.setTimeForTrafficLight
                0x0000000008000cb8       0x3c ./Core/Src/sevensegment.o
                0x0000000008000cb8                setTimeForTrafficLight
 .text.updateTimeDurationLedBuffer
                0x0000000008000cf4      0x16c ./Core/Src/sevensegment.o
                0x0000000008000cf4                updateTimeDurationLedBuffer
 .text.setTimer1
                0x0000000008000e60       0x38 ./Core/Src/softwaretimer.o
                0x0000000008000e60                setTimer1
 .text.setTimer2
                0x0000000008000e98       0x3c ./Core/Src/softwaretimer.o
                0x0000000008000e98                setTimer2
 .text.setTimer3
                0x0000000008000ed4       0x38 ./Core/Src/softwaretimer.o
                0x0000000008000ed4                setTimer3
 .text.setTimer4
                0x0000000008000f0c       0x38 ./Core/Src/softwaretimer.o
                0x0000000008000f0c                setTimer4
 .text.setTimer5
                0x0000000008000f44       0x38 ./Core/Src/softwaretimer.o
                0x0000000008000f44                setTimer5
 .text.timerRun
                0x0000000008000f7c       0xe0 ./Core/Src/softwaretimer.o
                0x0000000008000f7c                timerRun
 .text.HAL_MspInit
                0x000000000800105c       0x64 ./Core/Src/stm32f1xx_hal_msp.o
                0x000000000800105c                HAL_MspInit
 .text.HAL_TIM_Base_MspInit
                0x00000000080010c0       0x48 ./Core/Src/stm32f1xx_hal_msp.o
                0x00000000080010c0                HAL_TIM_Base_MspInit
 .text.NMI_Handler
                0x0000000008001108        0x6 ./Core/Src/stm32f1xx_it.o
                0x0000000008001108                NMI_Handler
 .text.HardFault_Handler
                0x000000000800110e        0x6 ./Core/Src/stm32f1xx_it.o
                0x000000000800110e                HardFault_Handler
 .text.MemManage_Handler
                0x0000000008001114        0x6 ./Core/Src/stm32f1xx_it.o
                0x0000000008001114                MemManage_Handler
 .text.BusFault_Handler
                0x000000000800111a        0x6 ./Core/Src/stm32f1xx_it.o
                0x000000000800111a                BusFault_Handler
 .text.UsageFault_Handler
                0x0000000008001120        0x6 ./Core/Src/stm32f1xx_it.o
                0x0000000008001120                UsageFault_Handler
 .text.SVC_Handler
                0x0000000008001126        0xc ./Core/Src/stm32f1xx_it.o
                0x0000000008001126                SVC_Handler
 .text.DebugMon_Handler
                0x0000000008001132        0xc ./Core/Src/stm32f1xx_it.o
                0x0000000008001132                DebugMon_Handler
 .text.PendSV_Handler
                0x000000000800113e        0xc ./Core/Src/stm32f1xx_it.o
                0x000000000800113e                PendSV_Handler
 .text.SysTick_Handler
                0x000000000800114a        0xc ./Core/Src/stm32f1xx_it.o
                0x000000000800114a                SysTick_Handler
 *fill*         0x0000000008001156        0x2 
 .text.TIM2_IRQHandler
                0x0000000008001158       0x14 ./Core/Src/stm32f1xx_it.o
                0x0000000008001158                TIM2_IRQHandler
 .text.SystemInit
                0x000000000800116c        0xc ./Core/Src/system_stm32f1xx.o
                0x000000000800116c                SystemInit
 .text.turnOffAllTrafficLight
                0x0000000008001178       0x60 ./Core/Src/trafficlight.o
                0x0000000008001178                turnOffAllTrafficLight
 .text.turnOnRed
                0x00000000080011d8       0x6c ./Core/Src/trafficlight.o
                0x00000000080011d8                turnOnRed
 .text.turnOnYellow
                0x0000000008001244       0x6c ./Core/Src/trafficlight.o
                0x0000000008001244                turnOnYellow
 .text.turnOnGreen
                0x00000000080012b0       0x6c ./Core/Src/trafficlight.o
                0x00000000080012b0                turnOnGreen
 .text.trafficLightProcessing
                0x000000000800131c       0x7c ./Core/Src/trafficlight.o
                0x000000000800131c                trafficLightProcessing
 .text.blinkLedForEachMode
                0x0000000008001398       0x70 ./Core/Src/trafficlight.o
                0x0000000008001398                blinkLedForEachMode
 .text.Reset_Handler
                0x0000000008001408       0x48 ./Core/Startup/startup_stm32f103c6ux.o
                0x0000000008001408                Reset_Handler
 .text.Default_Handler
                0x0000000008001450        0x2 ./Core/Startup/startup_stm32f103c6ux.o
                0x0000000008001450                RTC_Alarm_IRQHandler
                0x0000000008001450                EXTI2_IRQHandler
                0x0000000008001450                TIM1_CC_IRQHandler
                0x0000000008001450                PVD_IRQHandler
                0x0000000008001450                EXTI3_IRQHandler
                0x0000000008001450                EXTI0_IRQHandler
                0x0000000008001450                ADC1_2_IRQHandler
                0x0000000008001450                SPI1_IRQHandler
                0x0000000008001450                TAMPER_IRQHandler
                0x0000000008001450                DMA1_Channel4_IRQHandler
                0x0000000008001450                RTC_IRQHandler
                0x0000000008001450                DMA1_Channel7_IRQHandler
                0x0000000008001450                CAN1_RX1_IRQHandler
                0x0000000008001450                I2C1_EV_IRQHandler
                0x0000000008001450                DMA1_Channel6_IRQHandler
                0x0000000008001450                TIM3_IRQHandler
                0x0000000008001450                RCC_IRQHandler
                0x0000000008001450                TIM1_TRG_COM_IRQHandler
                0x0000000008001450                DMA1_Channel1_IRQHandler
                0x0000000008001450                Default_Handler
                0x0000000008001450                EXTI15_10_IRQHandler
                0x0000000008001450                EXTI9_5_IRQHandler
                0x0000000008001450                DMA1_Channel5_IRQHandler
                0x0000000008001450                EXTI4_IRQHandler
                0x0000000008001450                USB_LP_CAN1_RX0_IRQHandler
                0x0000000008001450                USB_HP_CAN1_TX_IRQHandler
                0x0000000008001450                DMA1_Channel3_IRQHandler
                0x0000000008001450                TIM1_UP_IRQHandler
                0x0000000008001450                WWDG_IRQHandler
                0x0000000008001450                TIM1_BRK_IRQHandler
                0x0000000008001450                EXTI1_IRQHandler
                0x0000000008001450                USART2_IRQHandler
                0x0000000008001450                DMA1_Channel2_IRQHandler
                0x0000000008001450                CAN1_SCE_IRQHandler
                0x0000000008001450                FLASH_IRQHandler
                0x0000000008001450                USART1_IRQHandler
                0x0000000008001450                I2C1_ER_IRQHandler
                0x0000000008001450                USBWakeUp_IRQHandler
 *fill*         0x0000000008001452        0x2 
 .text.HAL_Init
                0x0000000008001454       0x2c ./Drivers/STM32F1xx_HAL_Driver/Src/stm32f1xx_hal.o
                0x0000000008001454                HAL_Init
 .text.HAL_InitTick
                0x0000000008001480       0x60 ./Drivers/STM32F1xx_HAL_Driver/Src/stm32f1xx_hal.o
                0x0000000008001480                HAL_InitTick
 .text.HAL_IncTick
                0x00000000080014e0       0x24 ./Drivers/STM32F1xx_HAL_Driver/Src/stm32f1xx_hal.o
                0x00000000080014e0                HAL_IncTick
 .text.HAL_GetTick
                0x0000000008001504       0x14 ./Drivers/STM32F1xx_HAL_Driver/Src/stm32f1xx_hal.o
                0x0000000008001504                HAL_GetTick
 .text.__NVIC_SetPriorityGrouping
                0x0000000008001518       0x48 ./Drivers/STM32F1xx_HAL_Driver/Src/stm32f1xx_hal_cortex.o
 .text.__NVIC_GetPriorityGrouping
                0x0000000008001560       0x1c ./Drivers/STM32F1xx_HAL_Driver/Src/stm32f1xx_hal_cortex.o
 .text.__NVIC_EnableIRQ
                0x000000000800157c       0x38 ./Drivers/STM32F1xx_HAL_Driver/Src/stm32f1xx_hal_cortex.o
 .text.__NVIC_SetPriority
                0x00000000080015b4       0x54 ./Drivers/STM32F1xx_HAL_Driver/Src/stm32f1xx_hal_cortex.o
 .text.NVIC_EncodePriority
                0x0000000008001608       0x64 ./Drivers/STM32F1xx_HAL_Driver/Src/stm32f1xx_hal_cortex.o
 .text.SysTick_Config
                0x000000000800166c       0x44 ./Drivers/STM32F1xx_HAL_Driver/Src/stm32f1xx_hal_cortex.o
 .text.HAL_NVIC_SetPriorityGrouping
                0x00000000080016b0       0x16 ./Drivers/STM32F1xx_HAL_Driver/Src/stm32f1xx_hal_cortex.o
                0x00000000080016b0                HAL_NVIC_SetPriorityGrouping
 .text.HAL_NVIC_SetPriority
                0x00000000080016c6       0x38 ./Drivers/STM32F1xx_HAL_Driver/Src/stm32f1xx_hal_cortex.o
                0x00000000080016c6                HAL_NVIC_SetPriority
 .text.HAL_NVIC_EnableIRQ
                0x00000000080016fe       0x1c ./Drivers/STM32F1xx_HAL_Driver/Src/stm32f1xx_hal_cortex.o
                0x00000000080016fe                HAL_NVIC_EnableIRQ
 .text.HAL_SYSTICK_Config
                0x000000000800171a       0x18 ./Drivers/STM32F1xx_HAL_Driver/Src/stm32f1xx_hal_cortex.o
                0x000000000800171a                HAL_SYSTICK_Config
 *fill*         0x0000000008001732        0x2 
 .text.HAL_GPIO_Init
                0x0000000008001734      0x2f4 ./Drivers/STM32F1xx_HAL_Driver/Src/stm32f1xx_hal_gpio.o
                0x0000000008001734                HAL_GPIO_Init
 .text.HAL_GPIO_ReadPin
                0x0000000008001a28       0x2e ./Drivers/STM32F1xx_HAL_Driver/Src/stm32f1xx_hal_gpio.o
                0x0000000008001a28                HAL_GPIO_ReadPin
 .text.HAL_GPIO_WritePin
                0x0000000008001a56       0x30 ./Drivers/STM32F1xx_HAL_Driver/Src/stm32f1xx_hal_gpio.o
                0x0000000008001a56                HAL_GPIO_WritePin
 .text.HAL_GPIO_TogglePin
                0x0000000008001a86       0x32 ./Drivers/STM32F1xx_HAL_Driver/Src/stm32f1xx_hal_gpio.o
                0x0000000008001a86                HAL_GPIO_TogglePin
 .text.HAL_RCC_OscConfig
                0x0000000008001ab8      0x500 ./Drivers/STM32F1xx_HAL_Driver/Src/stm32f1xx_hal_rcc.o
                0x0000000008001ab8                HAL_RCC_OscConfig
 .text.HAL_RCC_ClockConfig
                0x0000000008001fb8      0x1d4 ./Drivers/STM32F1xx_HAL_Driver/Src/stm32f1xx_hal_rcc.o
                0x0000000008001fb8                HAL_RCC_ClockConfig
 .text.HAL_RCC_GetSysClockFreq
                0x000000000800218c       0xc0 ./Drivers/STM32F1xx_HAL_Driver/Src/stm32f1xx_hal_rcc.o
                0x000000000800218c                HAL_RCC_GetSysClockFreq
 .text.RCC_Delay
                0x000000000800224c       0x3c ./Drivers/STM32F1xx_HAL_Driver/Src/stm32f1xx_hal_rcc.o
 .text.HAL_TIM_Base_Init
                0x0000000008002288       0x9e ./Drivers/STM32F1xx_HAL_Driver/Src/stm32f1xx_hal_tim.o
                0x0000000008002288                HAL_TIM_Base_Init
 *fill*         0x0000000008002326        0x2 
 .text.HAL_TIM_Base_Start_IT
                0x0000000008002328       0x98 ./Drivers/STM32F1xx_HAL_Driver/Src/stm32f1xx_hal_tim.o
                0x0000000008002328                HAL_TIM_Base_Start_IT
 .text.HAL_TIM_IRQHandler
                0x00000000080023c0      0x210 ./Drivers/STM32F1xx_HAL_Driver/Src/stm32f1xx_hal_tim.o
                0x00000000080023c0                HAL_TIM_IRQHandler
 .text.HAL_TIM_ConfigClockSource
                0x00000000080025d0      0x188 ./Drivers/STM32F1xx_HAL_Driver/Src/stm32f1xx_hal_tim.o
                0x00000000080025d0                HAL_TIM_ConfigClockSource
 .text.HAL_TIM_OC_DelayElapsedCallback
                0x0000000008002758       0x12 ./Drivers/STM32F1xx_HAL_Driver/Src/stm32f1xx_hal_tim.o
                0x0000000008002758                HAL_TIM_OC_DelayElapsedCallback
 .text.HAL_TIM_IC_CaptureCallback
                0x000000000800276a       0x12 ./Drivers/STM32F1xx_HAL_Driver/Src/stm32f1xx_hal_tim.o
                0x000000000800276a                HAL_TIM_IC_CaptureCallback
 .text.HAL_TIM_PWM_PulseFinishedCallback
                0x000000000800277c       0x12 ./Drivers/STM32F1xx_HAL_Driver/Src/stm32f1xx_hal_tim.o
                0x000000000800277c                HAL_TIM_PWM_PulseFinishedCallback
 .text.HAL_TIM_TriggerCallback
                0x000000000800278e       0x12 ./Drivers/STM32F1xx_HAL_Driver/Src/stm32f1xx_hal_tim.o
                0x000000000800278e                HAL_TIM_TriggerCallback
 .text.TIM_Base_SetConfig
                0x00000000080027a0       0xb0 ./Drivers/STM32F1xx_HAL_Driver/Src/stm32f1xx_hal_tim.o
                0x00000000080027a0                TIM_Base_SetConfig
 .text.TIM_TI1_ConfigInputStage
                0x0000000008002850       0x5c ./Drivers/STM32F1xx_HAL_Driver/Src/stm32f1xx_hal_tim.o
 .text.TIM_TI2_ConfigInputStage
                0x00000000080028ac       0x5e ./Drivers/STM32F1xx_HAL_Driver/Src/stm32f1xx_hal_tim.o
 .text.TIM_ITRx_SetConfig
                0x000000000800290a       0x34 ./Drivers/STM32F1xx_HAL_Driver/Src/stm32f1xx_hal_tim.o
 .text.TIM_ETR_SetConfig
                0x000000000800293e       0x3e ./Drivers/STM32F1xx_HAL_Driver/Src/stm32f1xx_hal_tim.o
                0x000000000800293e                TIM_ETR_SetConfig
 .text.HAL_TIMEx_MasterConfigSynchronization
                0x000000000800297c       0xb0 ./Drivers/STM32F1xx_HAL_Driver/Src/stm32f1xx_hal_tim_ex.o
                0x000000000800297c                HAL_TIMEx_MasterConfigSynchronization
 .text.HAL_TIMEx_CommutCallback
                0x0000000008002a2c       0x12 ./Drivers/STM32F1xx_HAL_Driver/Src/stm32f1xx_hal_tim_ex.o
                0x0000000008002a2c                HAL_TIMEx_CommutCallback
 .text.HAL_TIMEx_BreakCallback
                0x0000000008002a3e       0x12 ./Drivers/STM32F1xx_HAL_Driver/Src/stm32f1xx_hal_tim_ex.o
                0x0000000008002a3e                HAL_TIMEx_BreakCallback
 .text.__libc_init_array
                0x0000000008002a50       0x48 c:/st/stm32cubeide_1.7.0/stm32cubeide/plugins/com.st.stm32cube.ide.mcu.externaltools.gnu-tools-for-stm32.9-2020-q2-update.win32_2.0.0.202105311346/tools/bin/../lib/gcc/arm-none-eabi/9.3.1/../../../../arm-none-eabi/lib/thumb/v7-m/nofp\libc_nano.a(lib_a-init.o)
                0x0000000008002a50                __libc_init_array
 .text.memset   0x0000000008002a98       0x10 c:/st/stm32cubeide_1.7.0/stm32cubeide/plugins/com.st.stm32cube.ide.mcu.externaltools.gnu-tools-for-stm32.9-2020-q2-update.win32_2.0.0.202105311346/tools/bin/../lib/gcc/arm-none-eabi/9.3.1/../../../../arm-none-eabi/lib/thumb/v7-m/nofp\libc_nano.a(lib_a-memset.o)
                0x0000000008002a98                memset
 *(.glue_7)
 .glue_7        0x0000000008002aa8        0x0 linker stubs
 *(.glue_7t)
 .glue_7t       0x0000000008002aa8        0x0 linker stubs
 *(.eh_frame)
 .eh_frame      0x0000000008002aa8        0x0 c:/st/stm32cubeide_1.7.0/stm32cubeide/plugins/com.st.stm32cube.ide.mcu.externaltools.gnu-tools-for-stm32.9-2020-q2-update.win32_2.0.0.202105311346/tools/bin/../lib/gcc/arm-none-eabi/9.3.1/thumb/v7-m/nofp/crtbegin.o
 *(.init)
 .init          0x0000000008002aa8        0x4 c:/st/stm32cubeide_1.7.0/stm32cubeide/plugins/com.st.stm32cube.ide.mcu.externaltools.gnu-tools-for-stm32.9-2020-q2-update.win32_2.0.0.202105311346/tools/bin/../lib/gcc/arm-none-eabi/9.3.1/thumb/v7-m/nofp/crti.o
                0x0000000008002aa8                _init
 .init          0x0000000008002aac        0x8 c:/st/stm32cubeide_1.7.0/stm32cubeide/plugins/com.st.stm32cube.ide.mcu.externaltools.gnu-tools-for-stm32.9-2020-q2-update.win32_2.0.0.202105311346/tools/bin/../lib/gcc/arm-none-eabi/9.3.1/thumb/v7-m/nofp/crtn.o
 *(.fini)
 .fini          0x0000000008002ab4        0x4 c:/st/stm32cubeide_1.7.0/stm32cubeide/plugins/com.st.stm32cube.ide.mcu.externaltools.gnu-tools-for-stm32.9-2020-q2-update.win32_2.0.0.202105311346/tools/bin/../lib/gcc/arm-none-eabi/9.3.1/thumb/v7-m/nofp/crti.o
                0x0000000008002ab4                _fini
 .fini          0x0000000008002ab8        0x8 c:/st/stm32cubeide_1.7.0/stm32cubeide/plugins/com.st.stm32cube.ide.mcu.externaltools.gnu-tools-for-stm32.9-2020-q2-update.win32_2.0.0.202105311346/tools/bin/../lib/gcc/arm-none-eabi/9.3.1/thumb/v7-m/nofp/crtn.o
                0x0000000008002ac0                . = ALIGN (0x4)
                0x0000000008002ac0                _etext = .

.vfp11_veneer   0x0000000008002ac0        0x0
 .vfp11_veneer  0x0000000008002ac0        0x0 linker stubs

.v4_bx          0x0000000008002ac0        0x0
 .v4_bx         0x0000000008002ac0        0x0 linker stubs

.iplt           0x0000000008002ac0        0x0
 .iplt          0x0000000008002ac0        0x0 c:/st/stm32cubeide_1.7.0/stm32cubeide/plugins/com.st.stm32cube.ide.mcu.externaltools.gnu-tools-for-stm32.9-2020-q2-update.win32_2.0.0.202105311346/tools/bin/../lib/gcc/arm-none-eabi/9.3.1/thumb/v7-m/nofp/crtbegin.o

.rodata         0x0000000008002ac0       0x20
                0x0000000008002ac0                . = ALIGN (0x4)
 *(.rodata)
 .rodata        0x0000000008002ac0       0x10 ./Drivers/STM32F1xx_HAL_Driver/Src/stm32f1xx_hal_rcc.o
 *(.rodata*)
 .rodata.AHBPrescTable
                0x0000000008002ad0       0x10 ./Core/Src/system_stm32f1xx.o
                0x0000000008002ad0                AHBPrescTable
                0x0000000008002ae0                . = ALIGN (0x4)

.rel.dyn        0x0000000008002ae0        0x0
 .rel.iplt      0x0000000008002ae0        0x0 c:/st/stm32cubeide_1.7.0/stm32cubeide/plugins/com.st.stm32cube.ide.mcu.externaltools.gnu-tools-for-stm32.9-2020-q2-update.win32_2.0.0.202105311346/tools/bin/../lib/gcc/arm-none-eabi/9.3.1/thumb/v7-m/nofp/crtbegin.o

.ARM.extab      0x0000000008002ae0        0x0
                0x0000000008002ae0                . = ALIGN (0x4)
 *(.ARM.extab* .gnu.linkonce.armextab.*)
                0x0000000008002ae0                . = ALIGN (0x4)

.ARM            0x0000000008002ae0        0x0
                0x0000000008002ae0                . = ALIGN (0x4)
                0x0000000008002ae0                __exidx_start = .
 *(.ARM.exidx*)
                0x0000000008002ae0                __exidx_end = .
                0x0000000008002ae0                . = ALIGN (0x4)

.preinit_array  0x0000000008002ae0        0x0
                0x0000000008002ae0                . = ALIGN (0x4)
                0x0000000008002ae0                PROVIDE (__preinit_array_start = .)
 *(.preinit_array*)
                0x0000000008002ae0                PROVIDE (__preinit_array_end = .)
                0x0000000008002ae0                . = ALIGN (0x4)

.init_array     0x0000000008002ae0        0x4
                0x0000000008002ae0                . = ALIGN (0x4)
                0x0000000008002ae0                PROVIDE (__init_array_start = .)
 *(SORT_BY_NAME(.init_array.*))
 *(.init_array*)
 .init_array    0x0000000008002ae0        0x4 c:/st/stm32cubeide_1.7.0/stm32cubeide/plugins/com.st.stm32cube.ide.mcu.externaltools.gnu-tools-for-stm32.9-2020-q2-update.win32_2.0.0.202105311346/tools/bin/../lib/gcc/arm-none-eabi/9.3.1/thumb/v7-m/nofp/crtbegin.o
                0x0000000008002ae4                PROVIDE (__init_array_end = .)
                0x0000000008002ae4                . = ALIGN (0x4)

.fini_array     0x0000000008002ae4        0x4
                0x0000000008002ae4                . = ALIGN (0x4)
                [!provide]                        PROVIDE (__fini_array_start = .)
 *(SORT_BY_NAME(.fini_array.*))
 *(.fini_array*)
 .fini_array    0x0000000008002ae4        0x4 c:/st/stm32cubeide_1.7.0/stm32cubeide/plugins/com.st.stm32cube.ide.mcu.externaltools.gnu-tools-for-stm32.9-2020-q2-update.win32_2.0.0.202105311346/tools/bin/../lib/gcc/arm-none-eabi/9.3.1/thumb/v7-m/nofp/crtbegin.o
                [!provide]                        PROVIDE (__fini_array_end = .)
                0x0000000008002ae8                . = ALIGN (0x4)
                0x0000000008002ae8                _sidata = LOADADDR (.data)

.data           0x0000000020000000       0x70 load address 0x0000000008002ae8
                0x0000000020000000                . = ALIGN (0x4)
                0x0000000020000000                _sdata = .
 *(.data)
 *(.data*)
 .data.buttonBuffer
                0x0000000020000000        0x3 ./Core/Src/button.o
 *fill*         0x0000000020000003        0x1 
 .data.debouncebuttonBuffer1
                0x0000000020000004        0x3 ./Core/Src/button.o
 *fill*         0x0000000020000007        0x1 
 .data.debouncebuttonBuffer2
                0x0000000020000008        0x3 ./Core/Src/button.o
 *fill*         0x000000002000000b        0x1 
 .data.buttonPort
                0x000000002000000c        0xc ./Core/Src/button.o
                0x000000002000000c                buttonPort
 .data.buttonPin
                0x0000000020000018        0x6 ./Core/Src/button.o
                0x0000000020000018                buttonPin
 *fill*         0x000000002000001e        0x2 
 .data.REDTIME  0x0000000020000020        0x4 ./Core/Src/global.o
                0x0000000020000020                REDTIME
 .data.GREENTIME
                0x0000000020000024        0x4 ./Core/Src/global.o
                0x0000000020000024                GREENTIME
 .data.YELLOWTIME
                0x0000000020000028        0x4 ./Core/Src/global.o
                0x0000000020000028                YELLOWTIME
 .data.sevenSegmentCode
                0x000000002000002c        0xa ./Core/Src/sevensegment.o
                0x000000002000002c                sevenSegmentCode
 *fill*         0x0000000020000036        0x2 
 .data.sevenDataPort
                0x0000000020000038       0x1c ./Core/Src/sevensegment.o
                0x0000000020000038                sevenDataPort
 .data.sevenDataPin
                0x0000000020000054        0xe ./Core/Src/sevensegment.o
                0x0000000020000054                sevenDataPin
 *fill*         0x0000000020000062        0x2 
 .data.SystemCoreClock
                0x0000000020000064        0x4 ./Core/Src/system_stm32f1xx.o
                0x0000000020000064                SystemCoreClock
 .data.uwTickPrio
                0x0000000020000068        0x4 ./Drivers/STM32F1xx_HAL_Driver/Src/stm32f1xx_hal.o
                0x0000000020000068                uwTickPrio
 .data.uwTickFreq
                0x000000002000006c        0x1 ./Drivers/STM32F1xx_HAL_Driver/Src/stm32f1xx_hal.o
                0x000000002000006c                uwTickFreq
 *(.RamFunc)
 *(.RamFunc*)
                0x0000000020000070                . = ALIGN (0x4)
 *fill*         0x000000002000006d        0x3 
                0x0000000020000070                _edata = .

.igot.plt       0x0000000020000070        0x0 load address 0x0000000008002b58
 .igot.plt      0x0000000020000070        0x0 c:/st/stm32cubeide_1.7.0/stm32cubeide/plugins/com.st.stm32cube.ide.mcu.externaltools.gnu-tools-for-stm32.9-2020-q2-update.win32_2.0.0.202105311346/tools/bin/../lib/gcc/arm-none-eabi/9.3.1/thumb/v7-m/nofp/crtbegin.o
                0x0000000020000070                . = ALIGN (0x4)

.bss            0x0000000020000070       0xa0 load address 0x0000000008002b58
                0x0000000020000070                _sbss = .
                0x0000000020000070                __bss_start__ = _sbss
 *(.bss)
 .bss           0x0000000020000070       0x1c c:/st/stm32cubeide_1.7.0/stm32cubeide/plugins/com.st.stm32cube.ide.mcu.externaltools.gnu-tools-for-stm32.9-2020-q2-update.win32_2.0.0.202105311346/tools/bin/../lib/gcc/arm-none-eabi/9.3.1/thumb/v7-m/nofp/crtbegin.o
 *(.bss*)
 .bss.index_led
                0x000000002000008c        0x1 ./Core/Src/fsm_mode.o
 .bss.increaseTimeDuration
                0x000000002000008d        0x1 ./Core/Src/fsm_mode.o
 .bss.statusOfTrafficLight
                0x000000002000008e        0x1 ./Core/Src/global.o
                0x000000002000008e                statusOfTrafficLight
 *fill*         0x000000002000008f        0x1 
 .bss.mode      0x0000000020000090        0x4 ./Core/Src/global.o
                0x0000000020000090                mode
 .bss.timer1_counter
                0x0000000020000094        0x2 ./Core/Src/softwaretimer.o
                0x0000000020000094                timer1_counter
 .bss.timer2_counter
                0x0000000020000096        0x2 ./Core/Src/softwaretimer.o
                0x0000000020000096                timer2_counter
 .bss.timer3_counter
                0x0000000020000098        0x2 ./Core/Src/softwaretimer.o
                0x0000000020000098                timer3_counter
 .bss.timer4_counter
                0x000000002000009a        0x2 ./Core/Src/softwaretimer.o
                0x000000002000009a                timer4_counter
 .bss.timer5_counter
                0x000000002000009c        0x2 ./Core/Src/softwaretimer.o
                0x000000002000009c                timer5_counter
 *fill*         0x000000002000009e        0x2 
 .bss.timer1_flag
                0x00000000200000a0        0x4 ./Core/Src/softwaretimer.o
                0x00000000200000a0                timer1_flag
 .bss.timer2_flag
                0x00000000200000a4        0x4 ./Core/Src/softwaretimer.o
                0x00000000200000a4                timer2_flag
 .bss.timer3_flag
                0x00000000200000a8        0x4 ./Core/Src/softwaretimer.o
                0x00000000200000a8                timer3_flag
 .bss.timer4_flag
                0x00000000200000ac        0x4 ./Core/Src/softwaretimer.o
                0x00000000200000ac                timer4_flag
 .bss.timer5_flag
                0x00000000200000b0        0x4 ./Core/Src/softwaretimer.o
                0x00000000200000b0                timer5_flag
 *(COMMON)
 COMMON         0x00000000200000b4       0x48 ./Core/Src/main.o
                0x00000000200000b4                htim2
 COMMON         0x00000000200000fc       0x10 ./Core/Src/sevensegment.o
                0x00000000200000fc                yellowTime
                0x0000000020000100                led_buffer
                0x0000000020000104                redTime
                0x0000000020000108                greenTime
 COMMON         0x000000002000010c        0x4 ./Drivers/STM32F1xx_HAL_Driver/Src/stm32f1xx_hal.o
                0x000000002000010c                uwTick
                0x0000000020000110                . = ALIGN (0x4)
                0x0000000020000110                _ebss = .
                0x0000000020000110                __bss_end__ = _ebss

._user_heap_stack
                0x0000000020000110      0x600 load address 0x0000000008002b58
                0x0000000020000110                . = ALIGN (0x8)
                [!provide]                        PROVIDE (end = .)
                0x0000000020000110                PROVIDE (_end = .)
                0x0000000020000310                . = (. + _Min_Heap_Size)
 *fill*         0x0000000020000110      0x200 
                0x0000000020000710                . = (. + _Min_Stack_Size)
 *fill*         0x0000000020000310      0x400 
                0x0000000020000710                . = ALIGN (0x8)

/DISCARD/
 libc.a(*)
 libm.a(*)
 libgcc.a(*)

.ARM.attributes
                0x0000000000000000       0x29
 *(.ARM.attributes)
 .ARM.attributes
                0x0000000000000000       0x1d c:/st/stm32cubeide_1.7.0/stm32cubeide/plugins/com.st.stm32cube.ide.mcu.externaltools.gnu-tools-for-stm32.9-2020-q2-update.win32_2.0.0.202105311346/tools/bin/../lib/gcc/arm-none-eabi/9.3.1/thumb/v7-m/nofp/crti.o
 .ARM.attributes
                0x000000000000001d       0x2d c:/st/stm32cubeide_1.7.0/stm32cubeide/plugins/com.st.stm32cube.ide.mcu.externaltools.gnu-tools-for-stm32.9-2020-q2-update.win32_2.0.0.202105311346/tools/bin/../lib/gcc/arm-none-eabi/9.3.1/thumb/v7-m/nofp/crtbegin.o
 .ARM.attributes
                0x000000000000004a       0x2d ./Core/Src/button.o
 .ARM.attributes
                0x0000000000000077       0x2d ./Core/Src/fsm_mode.o
 .ARM.attributes
                0x00000000000000a4       0x33 ./Core/Src/global.o
 .ARM.attributes
                0x00000000000000d7       0x2d ./Core/Src/main.o
 .ARM.attributes
                0x0000000000000104       0x2d ./Core/Src/sevensegment.o
 .ARM.attributes
                0x0000000000000131       0x2d ./Core/Src/softwaretimer.o
 .ARM.attributes
                0x000000000000015e       0x2d ./Core/Src/stm32f1xx_hal_msp.o
 .ARM.attributes
                0x000000000000018b       0x2d ./Core/Src/stm32f1xx_it.o
 .ARM.attributes
                0x00000000000001b8       0x2d ./Core/Src/system_stm32f1xx.o
 .ARM.attributes
                0x00000000000001e5       0x2d ./Core/Src/trafficlight.o
 .ARM.attributes
                0x0000000000000212       0x21 ./Core/Startup/startup_stm32f103c6ux.o
 .ARM.attributes
                0x0000000000000233       0x2d ./Drivers/STM32F1xx_HAL_Driver/Src/stm32f1xx_hal.o
 .ARM.attributes
                0x0000000000000260       0x2d ./Drivers/STM32F1xx_HAL_Driver/Src/stm32f1xx_hal_cortex.o
 .ARM.attributes
                0x000000000000028d       0x2d ./Drivers/STM32F1xx_HAL_Driver/Src/stm32f1xx_hal_gpio.o
 .ARM.attributes
                0x00000000000002ba       0x2d ./Drivers/STM32F1xx_HAL_Driver/Src/stm32f1xx_hal_rcc.o
 .ARM.attributes
                0x00000000000002e7       0x2d ./Drivers/STM32F1xx_HAL_Driver/Src/stm32f1xx_hal_tim.o
 .ARM.attributes
                0x0000000000000314       0x2d ./Drivers/STM32F1xx_HAL_Driver/Src/stm32f1xx_hal_tim_ex.o
 .ARM.attributes
                0x0000000000000341       0x2d c:/st/stm32cubeide_1.7.0/stm32cubeide/plugins/com.st.stm32cube.ide.mcu.externaltools.gnu-tools-for-stm32.9-2020-q2-update.win32_2.0.0.202105311346/tools/bin/../lib/gcc/arm-none-eabi/9.3.1/../../../../arm-none-eabi/lib/thumb/v7-m/nofp\libc_nano.a(lib_a-init.o)
 .ARM.attributes
                0x000000000000036e       0x2d c:/st/stm32cubeide_1.7.0/stm32cubeide/plugins/com.st.stm32cube.ide.mcu.externaltools.gnu-tools-for-stm32.9-2020-q2-update.win32_2.0.0.202105311346/tools/bin/../lib/gcc/arm-none-eabi/9.3.1/../../../../arm-none-eabi/lib/thumb/v7-m/nofp\libc_nano.a(lib_a-memset.o)
 .ARM.attributes
                0x000000000000039b       0x1d c:/st/stm32cubeide_1.7.0/stm32cubeide/plugins/com.st.stm32cube.ide.mcu.externaltools.gnu-tools-for-stm32.9-2020-q2-update.win32_2.0.0.202105311346/tools/bin/../lib/gcc/arm-none-eabi/9.3.1/thumb/v7-m/nofp/crtn.o
OUTPUT(Lab3.elf elf32-littlearm)
LOAD linker stubs
LOAD c:/st/stm32cubeide_1.7.0/stm32cubeide/plugins/com.st.stm32cube.ide.mcu.externaltools.gnu-tools-for-stm32.9-2020-q2-update.win32_2.0.0.202105311346/tools/bin/../lib/gcc/arm-none-eabi/9.3.1/../../../../arm-none-eabi/lib/thumb/v7-m/nofp\libc.a
LOAD c:/st/stm32cubeide_1.7.0/stm32cubeide/plugins/com.st.stm32cube.ide.mcu.externaltools.gnu-tools-for-stm32.9-2020-q2-update.win32_2.0.0.202105311346/tools/bin/../lib/gcc/arm-none-eabi/9.3.1/../../../../arm-none-eabi/lib/thumb/v7-m/nofp\libm.a
LOAD c:/st/stm32cubeide_1.7.0/stm32cubeide/plugins/com.st.stm32cube.ide.mcu.externaltools.gnu-tools-for-stm32.9-2020-q2-update.win32_2.0.0.202105311346/tools/bin/../lib/gcc/arm-none-eabi/9.3.1/thumb/v7-m/nofp\libgcc.a

.debug_info     0x0000000000000000     0x9760
 .debug_info    0x0000000000000000      0x3b9 ./Core/Src/button.o
 .debug_info    0x00000000000003b9      0x2ff ./Core/Src/fsm_mode.o
 .debug_info    0x00000000000006b8      0x25a ./Core/Src/global.o
 .debug_info    0x0000000000000912      0xc2c ./Core/Src/main.o
 .debug_info    0x000000000000153e      0x4dd ./Core/Src/sevensegment.o
 .debug_info    0x0000000000001a1b      0x340 ./Core/Src/softwaretimer.o
 .debug_info    0x0000000000001d5b      0xa04 ./Core/Src/stm32f1xx_hal_msp.o
 .debug_info    0x000000000000275f      0x7b4 ./Core/Src/stm32f1xx_it.o
 .debug_info    0x0000000000002f13      0x2be ./Core/Src/system_stm32f1xx.o
 .debug_info    0x00000000000031d1      0x3ba ./Core/Src/trafficlight.o
 .debug_info    0x000000000000358b       0x22 ./Core/Startup/startup_stm32f103c6ux.o
 .debug_info    0x00000000000035ad      0x74c ./Drivers/STM32F1xx_HAL_Driver/Src/stm32f1xx_hal.o
 .debug_info    0x0000000000003cf9      0xbbe ./Drivers/STM32F1xx_HAL_Driver/Src/stm32f1xx_hal_cortex.o
 .debug_info    0x00000000000048b7      0x701 ./Drivers/STM32F1xx_HAL_Driver/Src/stm32f1xx_hal_gpio.o
 .debug_info    0x0000000000004fb8      0x88e ./Drivers/STM32F1xx_HAL_Driver/Src/stm32f1xx_hal_rcc.o
 .debug_info    0x0000000000005846     0x2a45 ./Drivers/STM32F1xx_HAL_Driver/Src/stm32f1xx_hal_tim.o
 .debug_info    0x000000000000828b     0x14d5 ./Drivers/STM32F1xx_HAL_Driver/Src/stm32f1xx_hal_tim_ex.o

.debug_abbrev   0x0000000000000000     0x1c02
 .debug_abbrev  0x0000000000000000      0x16c ./Core/Src/button.o
 .debug_abbrev  0x000000000000016c      0x110 ./Core/Src/fsm_mode.o
 .debug_abbrev  0x000000000000027c       0xa9 ./Core/Src/global.o
 .debug_abbrev  0x0000000000000325      0x22c ./Core/Src/main.o
 .debug_abbrev  0x0000000000000551      0x1ba ./Core/Src/sevensegment.o
 .debug_abbrev  0x000000000000070b      0x11f ./Core/Src/softwaretimer.o
 .debug_abbrev  0x000000000000082a      0x1b7 ./Core/Src/stm32f1xx_hal_msp.o
 .debug_abbrev  0x00000000000009e1      0x176 ./Core/Src/stm32f1xx_it.o
 .debug_abbrev  0x0000000000000b57      0x14e ./Core/Src/system_stm32f1xx.o
 .debug_abbrev  0x0000000000000ca5      0x12c ./Core/Src/trafficlight.o
 .debug_abbrev  0x0000000000000dd1       0x12 ./Core/Startup/startup_stm32f103c6ux.o
 .debug_abbrev  0x0000000000000de3      0x1ed ./Drivers/STM32F1xx_HAL_Driver/Src/stm32f1xx_hal.o
 .debug_abbrev  0x0000000000000fd0      0x313 ./Drivers/STM32F1xx_HAL_Driver/Src/stm32f1xx_hal_cortex.o
 .debug_abbrev  0x00000000000012e3      0x1e8 ./Drivers/STM32F1xx_HAL_Driver/Src/stm32f1xx_hal_gpio.o
 .debug_abbrev  0x00000000000014cb      0x273 ./Drivers/STM32F1xx_HAL_Driver/Src/stm32f1xx_hal_rcc.o
 .debug_abbrev  0x000000000000173e      0x25e ./Drivers/STM32F1xx_HAL_Driver/Src/stm32f1xx_hal_tim.o
 .debug_abbrev  0x000000000000199c      0x266 ./Drivers/STM32F1xx_HAL_Driver/Src/stm32f1xx_hal_tim_ex.o

.debug_aranges  0x0000000000000000      0xa78
 .debug_aranges
                0x0000000000000000       0x28 ./Core/Src/button.o
 .debug_aranges
                0x0000000000000028       0x20 ./Core/Src/fsm_mode.o
 .debug_aranges
                0x0000000000000048       0x18 ./Core/Src/global.o
 .debug_aranges
                0x0000000000000060       0x48 ./Core/Src/main.o
 .debug_aranges
                0x00000000000000a8       0x50 ./Core/Src/sevensegment.o
 .debug_aranges
                0x00000000000000f8       0x48 ./Core/Src/softwaretimer.o
 .debug_aranges
                0x0000000000000140       0x30 ./Core/Src/stm32f1xx_hal_msp.o
 .debug_aranges
                0x0000000000000170       0x68 ./Core/Src/stm32f1xx_it.o
 .debug_aranges
                0x00000000000001d8       0x28 ./Core/Src/system_stm32f1xx.o
 .debug_aranges
                0x0000000000000200       0x50 ./Core/Src/trafficlight.o
 .debug_aranges
                0x0000000000000250       0x28 ./Core/Startup/startup_stm32f103c6ux.o
 .debug_aranges
                0x0000000000000278       0xe0 ./Drivers/STM32F1xx_HAL_Driver/Src/stm32f1xx_hal.o
 .debug_aranges
                0x0000000000000358      0x100 ./Drivers/STM32F1xx_HAL_Driver/Src/stm32f1xx_hal_cortex.o
 .debug_aranges
                0x0000000000000458       0x58 ./Drivers/STM32F1xx_HAL_Driver/Src/stm32f1xx_hal_gpio.o
 .debug_aranges
                0x00000000000004b0       0x90 ./Drivers/STM32F1xx_HAL_Driver/Src/stm32f1xx_hal_rcc.o
 .debug_aranges
                0x0000000000000540      0x3d0 ./Drivers/STM32F1xx_HAL_Driver/Src/stm32f1xx_hal_tim.o
 .debug_aranges
                0x0000000000000910      0x168 ./Drivers/STM32F1xx_HAL_Driver/Src/stm32f1xx_hal_tim_ex.o

.debug_ranges   0x0000000000000000      0x968
 .debug_ranges  0x0000000000000000       0x18 ./Core/Src/button.o
 .debug_ranges  0x0000000000000018       0x10 ./Core/Src/fsm_mode.o
 .debug_ranges  0x0000000000000028       0x38 ./Core/Src/main.o
 .debug_ranges  0x0000000000000060       0x40 ./Core/Src/sevensegment.o
 .debug_ranges  0x00000000000000a0       0x38 ./Core/Src/softwaretimer.o
 .debug_ranges  0x00000000000000d8       0x20 ./Core/Src/stm32f1xx_hal_msp.o
 .debug_ranges  0x00000000000000f8       0x58 ./Core/Src/stm32f1xx_it.o
 .debug_ranges  0x0000000000000150       0x18 ./Core/Src/system_stm32f1xx.o
 .debug_ranges  0x0000000000000168       0x40 ./Core/Src/trafficlight.o
 .debug_ranges  0x00000000000001a8       0x20 ./Core/Startup/startup_stm32f103c6ux.o
 .debug_ranges  0x00000000000001c8       0xd0 ./Drivers/STM32F1xx_HAL_Driver/Src/stm32f1xx_hal.o
 .debug_ranges  0x0000000000000298       0xf0 ./Drivers/STM32F1xx_HAL_Driver/Src/stm32f1xx_hal_cortex.o
 .debug_ranges  0x0000000000000388       0x48 ./Drivers/STM32F1xx_HAL_Driver/Src/stm32f1xx_hal_gpio.o
 .debug_ranges  0x00000000000003d0       0x80 ./Drivers/STM32F1xx_HAL_Driver/Src/stm32f1xx_hal_rcc.o
 .debug_ranges  0x0000000000000450      0x3c0 ./Drivers/STM32F1xx_HAL_Driver/Src/stm32f1xx_hal_tim.o
 .debug_ranges  0x0000000000000810      0x158 ./Drivers/STM32F1xx_HAL_Driver/Src/stm32f1xx_hal_tim_ex.o

.debug_macro    0x0000000000000000    0x170c4
 .debug_macro   0x0000000000000000      0x201 ./Core/Src/button.o
 .debug_macro   0x0000000000000201      0xa9c ./Core/Src/button.o
 .debug_macro   0x0000000000000c9d      0x215 ./Core/Src/button.o
 .debug_macro   0x0000000000000eb2       0x2e ./Core/Src/button.o
 .debug_macro   0x0000000000000ee0       0x22 ./Core/Src/button.o
 .debug_macro   0x0000000000000f02       0x22 ./Core/Src/button.o
 .debug_macro   0x0000000000000f24       0x8e ./Core/Src/button.o
 .debug_macro   0x0000000000000fb2       0x51 ./Core/Src/button.o
 .debug_macro   0x0000000000001003      0x103 ./Core/Src/button.o
 .debug_macro   0x0000000000001106       0x6a ./Core/Src/button.o
 .debug_macro   0x0000000000001170      0x1df ./Core/Src/button.o
 .debug_macro   0x000000000000134f       0x1c ./Core/Src/button.o
 .debug_macro   0x000000000000136b       0x22 ./Core/Src/button.o
 .debug_macro   0x000000000000138d       0xc3 ./Core/Src/button.o
 .debug_macro   0x0000000000001450      0xd23 ./Core/Src/button.o
 .debug_macro   0x0000000000002173     0xde75 ./Core/Src/button.o
 .debug_macro   0x000000000000ffe8       0x6d ./Core/Src/button.o
 .debug_macro   0x0000000000010055     0x3468 ./Core/Src/button.o
 .debug_macro   0x00000000000134bd      0x174 ./Core/Src/button.o
 .debug_macro   0x0000000000013631       0x5c ./Core/Src/button.o
 .debug_macro   0x000000000001368d      0x5be ./Core/Src/button.o
 .debug_macro   0x0000000000013c4b      0x1b7 ./Core/Src/button.o
 .debug_macro   0x0000000000013e02      0x1cb ./Core/Src/button.o
 .debug_macro   0x0000000000013fcd      0x114 ./Core/Src/button.o
 .debug_macro   0x00000000000140e1      0x1b2 ./Core/Src/button.o
 .debug_macro   0x0000000000014293       0x27 ./Core/Src/button.o
 .debug_macro   0x00000000000142ba      0x12f ./Core/Src/button.o
 .debug_macro   0x00000000000143e9      0x1bc ./Core/Src/button.o
 .debug_macro   0x00000000000145a5       0x34 ./Core/Src/button.o
 .debug_macro   0x00000000000145d9       0x3c ./Core/Src/button.o
 .debug_macro   0x0000000000014615       0x57 ./Core/Src/button.o
 .debug_macro   0x000000000001466c       0x88 ./Core/Src/button.o
 .debug_macro   0x00000000000146f4      0x183 ./Core/Src/button.o
 .debug_macro   0x0000000000014877      0x141 ./Core/Src/button.o
 .debug_macro   0x00000000000149b8      0x8d1 ./Core/Src/button.o
 .debug_macro   0x0000000000015289       0x69 ./Core/Src/button.o
 .debug_macro   0x00000000000152f2      0x100 ./Core/Src/button.o
 .debug_macro   0x00000000000153f2      0x106 ./Core/Src/button.o
 .debug_macro   0x00000000000154f8       0x10 ./Core/Src/button.o
 .debug_macro   0x0000000000015508       0x10 ./Core/Src/button.o
 .debug_macro   0x0000000000015518       0x22 ./Core/Src/button.o
 .debug_macro   0x000000000001553a       0x58 ./Core/Src/button.o
 .debug_macro   0x0000000000015592       0x16 ./Core/Src/button.o
 .debug_macro   0x00000000000155a8      0x1fb ./Core/Src/fsm_mode.o
 .debug_macro   0x00000000000157a3       0x16 ./Core/Src/fsm_mode.o
 .debug_macro   0x00000000000157b9      0x1f7 ./Core/Src/global.o
 .debug_macro   0x00000000000159b0      0x21d ./Core/Src/main.o
 .debug_macro   0x0000000000015bcd       0x1c ./Core/Src/main.o
 .debug_macro   0x0000000000015be9      0x201 ./Core/Src/sevensegment.o
 .debug_macro   0x0000000000015dea      0x1b7 ./Core/Src/softwaretimer.o
 .debug_macro   0x0000000000015fa1      0x1a7 ./Core/Src/stm32f1xx_hal_msp.o
 .debug_macro   0x0000000000016148      0x1b1 ./Core/Src/stm32f1xx_it.o
 .debug_macro   0x00000000000162f9      0x198 ./Core/Src/system_stm32f1xx.o
 .debug_macro   0x0000000000016491      0x201 ./Core/Src/trafficlight.o
 .debug_macro   0x0000000000016692      0x1bc ./Drivers/STM32F1xx_HAL_Driver/Src/stm32f1xx_hal.o
 .debug_macro   0x000000000001684e      0x198 ./Drivers/STM32F1xx_HAL_Driver/Src/stm32f1xx_hal_cortex.o
 .debug_macro   0x00000000000169e6      0x203 ./Drivers/STM32F1xx_HAL_Driver/Src/stm32f1xx_hal_gpio.o
 .debug_macro   0x0000000000016be9      0x1aa ./Drivers/STM32F1xx_HAL_Driver/Src/stm32f1xx_hal_rcc.o
 .debug_macro   0x0000000000016d93      0x199 ./Drivers/STM32F1xx_HAL_Driver/Src/stm32f1xx_hal_tim.o
 .debug_macro   0x0000000000016f2c      0x198 ./Drivers/STM32F1xx_HAL_Driver/Src/stm32f1xx_hal_tim_ex.o

.debug_line     0x0000000000000000     0xc0f2
 .debug_line    0x0000000000000000      0x710 ./Core/Src/button.o
 .debug_line    0x0000000000000710      0x91f ./Core/Src/fsm_mode.o
 .debug_line    0x000000000000102f      0x6ab ./Core/Src/global.o
 .debug_line    0x00000000000016da      0x7e2 ./Core/Src/main.o
 .debug_line    0x0000000000001ebc      0x898 ./Core/Src/sevensegment.o
 .debug_line    0x0000000000002754      0x74e ./Core/Src/softwaretimer.o
 .debug_line    0x0000000000002ea2      0x6a1 ./Core/Src/stm32f1xx_hal_msp.o
 .debug_line    0x0000000000003543      0x73f ./Core/Src/stm32f1xx_it.o
 .debug_line    0x0000000000003c82      0x6e3 ./Core/Src/system_stm32f1xx.o
 .debug_line    0x0000000000004365      0x7db ./Core/Src/trafficlight.o
 .debug_line    0x0000000000004b40       0x87 ./Core/Startup/startup_stm32f103c6ux.o
 .debug_line    0x0000000000004bc7      0x910 ./Drivers/STM32F1xx_HAL_Driver/Src/stm32f1xx_hal.o
 .debug_line    0x00000000000054d7      0xaf8 ./Drivers/STM32F1xx_HAL_Driver/Src/stm32f1xx_hal_cortex.o
 .debug_line    0x0000000000005fcf      0x991 ./Drivers/STM32F1xx_HAL_Driver/Src/stm32f1xx_hal_gpio.o
 .debug_line    0x0000000000006960      0xd1e ./Drivers/STM32F1xx_HAL_Driver/Src/stm32f1xx_hal_rcc.o
 .debug_line    0x000000000000767e     0x326e ./Drivers/STM32F1xx_HAL_Driver/Src/stm32f1xx_hal_tim.o
 .debug_line    0x000000000000a8ec     0x1806 ./Drivers/STM32F1xx_HAL_Driver/Src/stm32f1xx_hal_tim_ex.o

.debug_str      0x0000000000000000    0x8292d
 .debug_str     0x0000000000000000    0x7fd68 ./Core/Src/button.o
                                      0x800bb (size before relaxing)
 .debug_str     0x000000000007fd68       0x41 ./Core/Src/fsm_mode.o
                                      0x80051 (size before relaxing)
 .debug_str     0x000000000007fda9       0x15 ./Core/Src/global.o
                                      0x7fff4 (size before relaxing)
 .debug_str     0x000000000007fdbe      0x6df ./Core/Src/main.o
                                      0x807b5 (size before relaxing)
 .debug_str     0x000000000008049d      0x11b ./Core/Src/sevensegment.o
                                      0x8016c (size before relaxing)
 .debug_str     0x00000000000805b8       0xab ./Core/Src/softwaretimer.o
                                      0x7f9c9 (size before relaxing)
 .debug_str     0x0000000000080663      0x2ba ./Core/Src/stm32f1xx_hal_msp.o
                                      0x800cf (size before relaxing)
 .debug_str     0x000000000008091d       0xcd ./Core/Src/stm32f1xx_it.o
                                      0x7fe31 (size before relaxing)
 .debug_str     0x00000000000809ea       0x52 ./Core/Src/system_stm32f1xx.o
                                      0x7f501 (size before relaxing)
 .debug_str     0x0000000000080a3c       0x96 ./Core/Src/trafficlight.o
                                      0x800b3 (size before relaxing)
 .debug_str     0x0000000000080ad2       0x36 ./Core/Startup/startup_stm32f103c6ux.o
                                         0x6c (size before relaxing)
 .debug_str     0x0000000000080b08      0x304 ./Drivers/STM32F1xx_HAL_Driver/Src/stm32f1xx_hal.o
                                      0x7fb58 (size before relaxing)
 .debug_str     0x0000000000080e0c      0x300 ./Drivers/STM32F1xx_HAL_Driver/Src/stm32f1xx_hal_cortex.o
                                      0x7fb60 (size before relaxing)
 .debug_str     0x000000000008110c      0x316 ./Drivers/STM32F1xx_HAL_Driver/Src/stm32f1xx_hal_gpio.o
                                      0x7f8c5 (size before relaxing)
 .debug_str     0x0000000000081422      0x24f ./Drivers/STM32F1xx_HAL_Driver/Src/stm32f1xx_hal_rcc.o
                                      0x7f8fe (size before relaxing)
 .debug_str     0x0000000000081671      0xdce ./Drivers/STM32F1xx_HAL_Driver/Src/stm32f1xx_hal_tim.o
                                      0x808d0 (size before relaxing)
 .debug_str     0x000000000008243f      0x4ee ./Drivers/STM32F1xx_HAL_Driver/Src/stm32f1xx_hal_tim_ex.o
                                      0x80081 (size before relaxing)

.comment        0x0000000000000000       0x53
 .comment       0x0000000000000000       0x53 ./Core/Src/button.o
                                         0x54 (size before relaxing)
 .comment       0x0000000000000053       0x54 ./Core/Src/fsm_mode.o
 .comment       0x0000000000000053       0x54 ./Core/Src/global.o
 .comment       0x0000000000000053       0x54 ./Core/Src/main.o
 .comment       0x0000000000000053       0x54 ./Core/Src/sevensegment.o
 .comment       0x0000000000000053       0x54 ./Core/Src/softwaretimer.o
 .comment       0x0000000000000053       0x54 ./Core/Src/stm32f1xx_hal_msp.o
 .comment       0x0000000000000053       0x54 ./Core/Src/stm32f1xx_it.o
 .comment       0x0000000000000053       0x54 ./Core/Src/system_stm32f1xx.o
 .comment       0x0000000000000053       0x54 ./Core/Src/trafficlight.o
 .comment       0x0000000000000053       0x54 ./Drivers/STM32F1xx_HAL_Driver/Src/stm32f1xx_hal.o
 .comment       0x0000000000000053       0x54 ./Drivers/STM32F1xx_HAL_Driver/Src/stm32f1xx_hal_cortex.o
 .comment       0x0000000000000053       0x54 ./Drivers/STM32F1xx_HAL_Driver/Src/stm32f1xx_hal_gpio.o
 .comment       0x0000000000000053       0x54 ./Drivers/STM32F1xx_HAL_Driver/Src/stm32f1xx_hal_rcc.o
 .comment       0x0000000000000053       0x54 ./Drivers/STM32F1xx_HAL_Driver/Src/stm32f1xx_hal_tim.o
 .comment       0x0000000000000053       0x54 ./Drivers/STM32F1xx_HAL_Driver/Src/stm32f1xx_hal_tim_ex.o

.debug_frame    0x0000000000000000     0x2950
 .debug_frame   0x0000000000000000       0x5c ./Core/Src/button.o
 .debug_frame   0x000000000000005c       0x2c ./Core/Src/fsm_mode.o
 .debug_frame   0x0000000000000088       0xd4 ./Core/Src/main.o
 .debug_frame   0x000000000000015c      0x108 ./Core/Src/sevensegment.o
 .debug_frame   0x0000000000000264       0xf8 ./Core/Src/softwaretimer.o
 .debug_frame   0x000000000000035c       0x80 ./Core/Src/stm32f1xx_hal_msp.o
 .debug_frame   0x00000000000003dc      0x120 ./Core/Src/stm32f1xx_it.o
 .debug_frame   0x00000000000004fc       0x58 ./Core/Src/system_stm32f1xx.o
 .debug_frame   0x0000000000000554       0xfc ./Core/Src/trafficlight.o
 .debug_frame   0x0000000000000650      0x334 ./Drivers/STM32F1xx_HAL_Driver/Src/stm32f1xx_hal.o
 .debug_frame   0x0000000000000984      0x428 ./Drivers/STM32F1xx_HAL_Driver/Src/stm32f1xx_hal_cortex.o
 .debug_frame   0x0000000000000dac      0x14c ./Drivers/STM32F1xx_HAL_Driver/Src/stm32f1xx_hal_gpio.o
 .debug_frame   0x0000000000000ef8      0x21c ./Drivers/STM32F1xx_HAL_Driver/Src/stm32f1xx_hal_rcc.o
 .debug_frame   0x0000000000001114     0x11b8 ./Drivers/STM32F1xx_HAL_Driver/Src/stm32f1xx_hal_tim.o
 .debug_frame   0x00000000000022cc      0x638 ./Drivers/STM32F1xx_HAL_Driver/Src/stm32f1xx_hal_tim_ex.o
 .debug_frame   0x0000000000002904       0x2c c:/st/stm32cubeide_1.7.0/stm32cubeide/plugins/com.st.stm32cube.ide.mcu.externaltools.gnu-tools-for-stm32.9-2020-q2-update.win32_2.0.0.202105311346/tools/bin/../lib/gcc/arm-none-eabi/9.3.1/../../../../arm-none-eabi/lib/thumb/v7-m/nofp\libc_nano.a(lib_a-init.o)
 .debug_frame   0x0000000000002930       0x20 c:/st/stm32cubeide_1.7.0/stm32cubeide/plugins/com.st.stm32cube.ide.mcu.externaltools.gnu-tools-for-stm32.9-2020-q2-update.win32_2.0.0.202105311346/tools/bin/../lib/gcc/arm-none-eabi/9.3.1/../../../../arm-none-eabi/lib/thumb/v7-m/nofp\libc_nano.a(lib_a-memset.o)
